// Jest Snapshot v1, https://goo.gl/fbAQLP

exports[`CharacterTable should render CharacterTable 1`] = `
<div>
  <div
    class="MuiGrid-root MuiGrid-container MuiGrid-direction-xs-column css-1vpwcmr-MuiGrid-root"
  >
    <div
      class="MuiGrid-root MuiGrid-item css-13i4rnv-MuiGrid-root"
    >
      <table
        class="MuiTable-root css-rqglhn-MuiTable-root"
      >
        <thead
          class="MuiTableHead-root css-15wwp11-MuiTableHead-root"
        >
          <tr
            class="MuiTableRow-root MuiTableRow-head css-1q1u3t4-MuiTableRow-root"
          >
            <th
              class="MuiTableCell-root MuiTableCell-head MuiTableCell-sizeMedium css-1ygcj2i-MuiTableCell-root"
              scope="col"
            >
              Name (Alias) 
            </th>
          </tr>
        </thead>
        <tbody
          class="MuiTableBody-root css-apqrd9-MuiTableBody-root"
        >
          <tr
            class="MuiTableRow-root css-1q1u3t4-MuiTableRow-root"
          >
            <td
              class="MuiTableCell-root MuiTableCell-body MuiTableCell-sizeMedium makeStyles-tableCell-2 css-1ex1afd-MuiTableCell-root"
            >
              Deon Sanchez (test-aliases)
            </td>
          </tr>
        </tbody>
      </table>
    </div>
    <div
      class="MuiGrid-root MuiGrid-item css-13i4rnv-MuiGrid-root"
    >
      <div
        class="MuiGrid-root MuiGrid-container MuiGrid-spacing-xs-3 css-n3lpn7-MuiGrid-root"
      >
        <div
          class="MuiGrid-root MuiGrid-item css-13i4rnv-MuiGrid-root"
        >
          <button
            class="MuiButton-root MuiButton-contained MuiButton-containedPrimary MuiButton-sizeLarge MuiButton-containedSizeLarge MuiButtonBase-root makeStyles-button-1 css-ju0db2-MuiButtonBase-root-MuiButton-root"
            data-testid="first-page-button"
            tabindex="0"
            type="button"
          >
            First Page
            <span
              class="MuiTouchRipple-root css-8je8zh-MuiTouchRipple-root"
            />
          </button>
          <button
            class="MuiButton-root MuiButton-contained MuiButton-containedPrimary MuiButton-sizeLarge MuiButton-containedSizeLarge MuiButtonBase-root makeStyles-button-1 css-jh47zj-MuiButtonBase-root-MuiButton-root"
            data-testid="previous-page-button"
            tabindex="0"
            type="button"
          >
            Previous Page
            <span
              class="MuiTouchRipple-root css-8je8zh-MuiTouchRipple-root"
            />
          </button>
        </div>
        <div
          class="MuiGrid-root MuiGrid-item css-13i4rnv-MuiGrid-root"
        >
          <p
            class="MuiTypography-root MuiTypography-body1 makeStyles-typography-3 css-ahj2mt-MuiTypography-root"
            data-testid="pagination-text"
          >
            Page 
            3
             of 
            214
          </p>
        </div>
        <div
          class="MuiGrid-root MuiGrid-item css-13i4rnv-MuiGrid-root"
        >
          <button
            class="MuiButton-root MuiButton-contained MuiButton-containedPrimary MuiButton-sizeLarge MuiButton-containedSizeLarge MuiButtonBase-root makeStyles-button-1 css-ju0db2-MuiButtonBase-root-MuiButton-root"
            data-testid="next-page-button"
            tabindex="0"
            type="button"
          >
            Next Page
            <span
              class="MuiTouchRipple-root css-8je8zh-MuiTouchRipple-root"
            />
          </button>
          <button
            class="MuiButton-root MuiButton-contained MuiButton-containedPrimary MuiButton-sizeLarge MuiButton-containedSizeLarge MuiButtonBase-root makeStyles-button-1 css-jh47zj-MuiButtonBase-root-MuiButton-root"
            data-testid="last-page-button"
            tabindex="0"
            type="button"
          >
            Last Page
            <span
              class="MuiTouchRipple-root css-8je8zh-MuiTouchRipple-root"
            />
          </button>
        </div>
      </div>
    </div>
  </div>
</div>
`;
